WARNING: Logging before InitGoogleLogging() is written to STDERR
W0815 14:39:59.486306 83261 collection.cpp:1133] Warning: ROCTracer produced duplicate flow start: 10 (function operator())
device=cuda
bottleneck labels: h2d_copy_batch, cpu_python_work, extra_memcpy_and_sync, single_large_matmul, fragmented_small_ops, frequent_allocations, d2h_sync_for_logging
epoch=1 step=1/8 loss=2.0884 acc=0.062 checksum=144196
epoch=1 step=8/8 loss=2.0812 acc=0.062 checksum=144196
epoch=1 summary loss=2.0818 acc=0.125
epoch=2 step=1/8 loss=2.0693 acc=0.156 checksum=144196
epoch=2 step=8/8 loss=1.8716 acc=0.469 checksum=144196
epoch=2 summary loss=2.0001 acc=0.410
training_completed elapsed_sec=7.87

Profiler top operators by time:
-------------------------------------------------------  ------------  ------------  ------------  ------------  ------------  ------------  ------------  ------------  ------------  ------------  ------------  ------------  ------------  ------------  --------------------------------------------------------------------------------  
                                                   Name    Self CPU %      Self CPU   CPU total %     CPU total  CPU time avg     Self CUDA   Self CUDA %    CUDA total  CUDA time avg       CPU Mem  Self CPU Mem      CUDA Mem  Self CUDA Mem    # of Calls                                                                      Input Shapes  
-------------------------------------------------------  ------------  ------------  ------------  ------------  ------------  ------------  ------------  ------------  ------------  ------------  ------------  ------------  ------------  ------------  --------------------------------------------------------------------------------  
                        bottleneck_fragmented_small_ops         0.00%       0.000us         0.00%       0.000us       0.000us      37.028ms       161.43%      37.028ms       2.314ms           0 B           0 B           0 B           0 B            16                                                                                []  
                              Optimizer.step#AdamW.step         0.00%       0.000us         0.00%       0.000us       0.000us      29.834ms       130.07%      29.834ms       1.865ms           0 B           0 B           0 B           0 B            16                                                                                []  
                       bottleneck_loss_temp_allocations         0.00%       0.000us         0.00%       0.000us       0.000us      25.701ms       112.05%      25.701ms       1.606ms           0 B           0 B           0 B           0 B            16                                                                                []  
                       bottleneck_extra_memcpy_and_sync         0.00%       0.000us         0.00%       0.000us       0.000us      18.291ms        79.74%      18.291ms       1.143ms           0 B           0 B           0 B           0 B            16                                                                                []  
                        bottleneck_d2h_sync_for_logging         0.00%       0.000us         0.00%       0.000us       0.000us      11.094ms        48.37%      11.094ms     693.367us           0 B           0 B           0 B           0 B            16                                                                                []  
                        bottleneck_frequent_allocations         0.00%       0.000us         0.00%       0.000us       0.000us       6.906ms        30.11%       6.906ms     431.649us           0 B           0 B           0 B           0 B            16                                                                                []  
                        bottleneck_fragmented_small_ops         0.11%       7.857ms         0.57%      40.547ms       2.534ms       0.000us         0.00%       4.416ms     275.989us           0 B           0 B       2.00 MB      -1.00 MB            16                                                                                []  
                                              aten::mul         0.11%       7.885ms         0.16%      11.392ms      14.834us       3.795ms        16.55%       3.795ms       4.942us           0 B           0 B       1.50 MB       1.50 MB           768                                                              [[32, 16], [32, 16]]  
      autograd::engine::evaluate_function: MulBackward0         0.04%       2.629ms         0.19%      13.372ms      43.988us       0.000us         0.00%       3.204ms      10.539us        -384 B        -384 B       1.51 MB    -512.00 KB           304                                                                                []  
                                           MulBackward0         0.02%       1.348ms         0.13%       8.974ms      35.054us       0.000us         0.00%       3.105ms      12.130us           0 B           0 B       1.00 MB           0 B           256                                                                        [[32, 16]]  
void at::native::elementwise_kernel_manual_unroll<12...         0.00%       0.000us         0.00%       0.000us       0.000us       3.105ms        13.54%       3.105ms       6.065us           0 B           0 B           0 B           0 B           512                                                                                []  
                              Optimizer.step#AdamW.step         0.12%       8.563ms         0.51%      36.554ms       2.285ms       0.000us         0.00%       2.950ms     184.400us          36 B         -64 B       1.04 MB      -8.34 MB            16                                                                                []  
autograd::engine::evaluate_function: ConvolutionBack...         0.01%     447.851us         9.51%     680.230ms      21.257ms       0.000us         0.00%       2.850ms      89.071us           0 B           0 B     -31.81 MB     -64.00 MB            32                                                                                []  
                                   ConvolutionBackward0         0.00%     255.300us         9.50%     679.782ms      21.243ms       0.000us         0.00%       2.850ms      89.071us           0 B           0 B      32.19 MB           0 B            32                                                                [[32, 16, 32, 32]]  
                             aten::convolution_backward         9.44%     675.346ms         9.47%     677.691ms      42.356ms       1.526ms         6.65%       1.955ms     122.206us           0 B           0 B      32.15 MB      32.00 MB            16  [[32, 16, 32, 32], [32, 16, 32, 32], [16, 16, 3, 3], [], [], [], [], [], [], [],  
                              bottleneck_h2d_copy_batch         0.00%       0.000us         0.00%       0.000us       0.000us       1.719ms         7.49%       1.719ms     107.419us           0 B           0 B           0 B           0 B            16                                                                                []  
                                              aten::add         0.05%       3.425ms         0.07%       4.696ms      18.342us       1.508ms         6.57%       1.508ms       5.891us           0 B           0 B     512.00 KB     512.00 KB           256                                                                [[32, 16], [], []]  
void at::native::elementwise_kernel_manual_unroll<12...         0.00%       0.000us         0.00%       0.000us       0.000us       1.508ms         6.57%       1.508ms       5.891us           0 B           0 B           0 B           0 B           256                                                                                []  
autograd::engine::evaluate_function: SigmoidBackward...         0.04%       3.141ms         0.36%      25.677ms     100.302us       0.000us         0.00%       1.280ms       5.002us           0 B           0 B      -1.00 MB      -1.50 MB           256                                                                                []  
implicit_wrw_2d_comm_dilate_group_gsn2_gsh2_mmac_tt2...         0.00%       0.000us         0.00%       0.000us       0.000us       1.117ms         4.87%       1.117ms      34.894us           0 B           0 B           0 B           0 B            32                                                                                []  
-------------------------------------------------------  ------------  ------------  ------------  ------------  ------------  ------------  ------------  ------------  ------------  ------------  ------------  ------------  ------------  ------------  --------------------------------------------------------------------------------  
Self CPU time total: 7.155s
Self CUDA time total: 22.938ms


Profiler top operators by memory allocation:
-------------------------------------------------------  ------------  ------------  ------------  ------------  ------------  ------------  ------------  ------------  ------------  ------------  ------------  ------------  ------------  ------------  
                                                   Name    Self CPU %      Self CPU   CPU total %     CPU total  CPU time avg     Self CUDA   Self CUDA %    CUDA total  CUDA time avg       CPU Mem  Self CPU Mem      CUDA Mem  Self CUDA Mem    # of Calls  
-------------------------------------------------------  ------------  ------------  ------------  ------------  ------------  ------------  ------------  ------------  ------------  ------------  ------------  ------------  ------------  ------------  
                                        aten::clamp_min         0.05%       3.286ms         0.18%      12.852ms      40.162us     955.199us         4.16%     955.199us       2.985us           0 B           0 B      65.50 MB      65.50 MB           320  
                               aten::threshold_backward         0.05%       3.606ms         0.18%      12.946ms      40.457us     895.199us         3.90%     895.199us       2.797us           0 B           0 B      65.50 MB      65.50 MB           320  
                               aten::miopen_convolution        59.68%        4.270s        69.72%        4.989s     155.894ms     697.244us         3.04%     942.972us      29.468us           0 B           0 B      64.00 MB      64.00 MB            32  
                                               aten::mm         5.13%     367.180ms         5.18%     370.323ms       3.306ms     818.443us         3.57%     818.443us       7.308us           0 B           0 B      42.12 MB      42.12 MB           112  
                                            aten::empty         0.06%       4.528ms         0.06%       4.528ms       3.721us       0.000us         0.00%       0.000us       0.000us       6.01 MB       6.01 MB      34.19 MB      34.19 MB          1217  
                                            aten::addmm         6.61%     472.613ms         7.76%     555.040ms      17.345ms     691.452us         3.01%     691.452us      21.608us           0 B           0 B      32.52 MB      32.52 MB            32  
                             aten::convolution_backward         9.45%     676.460ms         9.50%     679.527ms      21.235ms       2.014ms         8.78%       2.850ms      89.071us           0 B           0 B      32.19 MB      32.00 MB            32  
                                    aten::empty_strided         0.17%      12.137ms         0.17%      12.402ms       2.957us       5.919us         0.03%       5.919us       0.001us      24.02 MB      24.02 MB      17.90 MB      17.90 MB          4194  
                                              aten::add         0.12%       8.792ms         0.27%      19.229ms      22.255us       1.806ms         7.87%       1.806ms       2.090us       6.00 MB       6.00 MB       8.51 MB       8.51 MB           864  
                                              aten::mul         0.37%      26.461ms         0.76%      54.524ms      21.845us       4.215ms        18.38%       4.215ms       1.689us      18.00 MB      17.99 MB       4.57 MB       4.57 MB          2496  
                                              aten::cat         0.04%       2.938ms         0.10%       6.921ms     108.139us     196.927us         0.86%     196.927us       3.077us       6.00 MB       6.00 MB       1.00 MB       1.00 MB            64  
                                          aten::resize_         0.00%     208.810us         0.00%     208.810us       2.900us       0.000us         0.00%       0.000us       0.000us           0 B           0 B     512.00 KB     512.00 KB            72  
                                          aten::sigmoid         0.04%       2.725ms         0.11%       7.669ms      29.959us     778.783us         3.40%     778.783us       3.042us           0 B           0 B     512.00 KB     512.00 KB           256  
                                 aten::sigmoid_backward         0.04%       2.738ms         0.26%      18.457ms      72.097us     662.784us         2.89%     662.784us       2.589us           0 B           0 B     512.00 KB     512.00 KB           256  
                                              aten::sum         0.02%       1.693ms         0.09%       6.763ms      84.539us       1.271ms         5.54%       1.271ms      15.885us         128 B      -3.88 KB      40.00 KB      40.00 KB            80  
                                              aten::pow         0.01%     773.540us         0.23%      16.457ms     514.292us      46.062us         0.20%      80.766us       2.524us           0 B           0 B      32.00 KB      32.00 KB            32  
                                     aten::_log_softmax         0.01%     416.590us         0.13%       9.611ms     600.668us      88.304us         0.38%      88.304us       5.519us           0 B           0 B      16.00 KB      16.00 KB            16  
                                 aten::nll_loss_forward         0.01%     479.020us         0.09%       6.752ms     421.989us      71.504us         0.31%      71.504us       4.469us           0 B           0 B      16.00 KB      16.00 KB            16  
                                         aten::_softmax         0.00%     344.820us         0.01%     486.890us      30.431us      88.624us         0.39%      88.624us       5.539us           0 B           0 B      16.00 KB      16.00 KB            16  
                                              aten::sub         0.00%     288.060us         0.00%     357.071us      22.317us      39.504us         0.17%      39.504us       2.469us           0 B           0 B      16.00 KB      16.00 KB            16  
-------------------------------------------------------  ------------  ------------  ------------  ------------  ------------  ------------  ------------  ------------  ------------  ------------  ------------  ------------  ------------  ------------  
Self CPU time total: 7.155s
Self CUDA time total: 22.938ms


Chrome trace exported to: /workspace/new_grad_training/hw4_model_performance_analysis/profiler_traces/bottleneck_trace_cuda.json
